// Jest Snapshot v1, https://goo.gl/fbAQLP

exports[`Category list displays 1`] = `
<div
  className="category-list"
>
  <a
    href="/category/23"
    onClick={[Function]}
  >
    <div
      className="category-thumbnail"
      style={
        {
          "backgroundImage": "url(https://throughapinhole.com/wp-content/uploads/2018/07/DSC_1508.jpg)",
        }
      }
    >
      <div
        className="category-title"
      >
        <div
          className="category-title-text"
        >
          Some other category
        </div>
      </div>
    </div>
  </a>
  <a
    href="/category/35"
    onClick={[Function]}
  >
    <div
      className="category-thumbnail"
      style={
        {
          "backgroundImage": "url(https://throughapinhole.com/wp-content/uploads/2018/07/DSC_1508.jpg)",
        }
      }
    >
      <div
        className="category-title"
      >
        <div
          className="category-title-text"
        >
          Some category
        </div>
      </div>
    </div>
  </a>
</div>
`;
