// Jest Snapshot v1, https://goo.gl/fbAQLP

exports[`PaginationNavigationItem displays 1`] = `
<div
  className="pagination-navigation__item selected"
  onClick={[Function]}
>
  1
   â€¢ 
</div>
`;
