// Jest Snapshot v1, https://goo.gl/fbAQLP

exports[`PostThumbnail displays 1`] = `
<a
  href="/post/35"
  onClick={[Function]}
>
  <div
    className="post-thumbnail"
    style={
      {
        "backgroundImage": "url(some_url)",
      }
    }
  />
</a>
`;
