// Jest Snapshot v1, https://goo.gl/fbAQLP

exports[`PostFooter displays 1`] = `
<div
  className="post-footer"
>
  <div
    className="labels"
  />
</div>
`;
