// Jest Snapshot v1, https://goo.gl/fbAQLP

exports[`PostImage displays 1`] = `
<div
  className="post-image"
  onMouseOut={[Function]}
  onMouseOver={[Function]}
>
  <img
    src={null}
  />
</div>
`;
