// Jest Snapshot v1, https://goo.gl/fbAQLP

exports[`CategoryThumbnail displays 1`] = `
<a
  href="/category/5"
>
  <div
    aria-label="category-Test-Category"
    class="category-thumbnail"
    style="background-image: url();"
  >
    <div
      class="category-title"
    >
      <div
        class="category-title-text"
      >
        Test Category
      </div>
    </div>
  </div>
</a>
`;
