// Jest Snapshot v1, https://goo.gl/fbAQLP

exports[`Footer displays 1`] = `
<div
  class="footer"
>
  Theme Copyright @2023 Dave Feucht
</div>
`;
