// Jest Snapshot v1, https://goo.gl/fbAQLP

exports[`PaginationNavigationItem displays 1`] = `
<div
  aria-label="pagination"
  class="pagination-navigation__item selected"
>
  1
   | 
</div>
`;
