// Jest Snapshot v1, https://goo.gl/fbAQLP

exports[`Post displays 1`] = `
<div
  class="post-background"
>
  <div
    class="post"
  >
    <div
      class="post-titlebar"
    >
      <div
        class="title"
      >
        foo
      </div>
      <div
        class="close-button"
        role="button"
      >
        <a
          href="/category/undefined"
        >
          <div
            class="close-button-content"
          >
            <img
              height="30px"
              src="./assets/images/close-button.svg"
              width="30px"
            />
          </div>
        </a>
      </div>
    </div>
    <div
      class="post-image"
    >
      <img
        src="http://foo"
      />
    </div>
    <div
      class="post-footer"
    >
      <div
        class="labels"
      >
        foo, bob
      </div>
    </div>
  </div>
</div>
`;
