// Jest Snapshot v1, https://goo.gl/fbAQLP

exports[`PostFooter displays 1`] = `
<div
  class="post-footer"
>
  <div
    class="labels"
  >
    something, somethingelse
  </div>
</div>
`;
