// Jest Snapshot v1, https://goo.gl/fbAQLP

exports[`PostThumbnail displays 1`] = `
<a
  href="/post/35"
>
  <div
    class="post-thumbnail"
    style="background-image: url(some_url);"
  />
</a>
`;
