// Jest Snapshot v1, https://goo.gl/fbAQLP

exports[`SectionHeader displays 1`] = `
<div
  class="section-header"
>
  <div
    class="title"
  >
    Some Section
  </div>
</div>
`;
