// Jest Snapshot v1, https://goo.gl/fbAQLP

exports[`Page displays 1`] = `
<div
  class="page"
>
  <div
    class="section-header"
  >
    <div
      class="title"
    >
      Contact
    </div>
  </div>
  <div
    class="page__content"
  >
    Contact me!
  </div>
</div>
`;
