// Jest Snapshot v1, https://goo.gl/fbAQLP

exports[`PhotoPortfolio displays 1`] = `
<div
  class="app"
>
  <div
    class="title-bar"
  >
    <div
      class="hamburger-button closed"
    >
      <img
        src="./assets/images/hamburger_icon.svg"
        style="border: 0px;"
      />
    </div>
    <div>
      <h1>
        Through a Pinhole
      </h1>
    </div>
  </div>
  <div
    class="photo-portfolio"
  >
    <div
      class="category"
    >
      <div
        class="section-header"
      >
        <div
          class="title"
        />
      </div>
      <div
        class="posts"
      >
        <div
          class="pagination-navigation"
        >
          <div
            class="pagination-navigation__content"
          />
        </div>
      </div>
    </div>
  </div>
  <div
    class="menu closed"
  >
    <ul>
      <li>
        <a
          href="/"
        >
          <div
            class="menu-link"
          >
            Home
          </div>
        </a>
      </li>
      <li>
        Categories
        <ul />
      </li>
      <li>
        Info
        <ul />
      </li>
    </ul>
  </div>
  <div
    class="footer"
  >
    Theme Copyright @2023 Dave Feucht
  </div>
</div>
`;
