// Jest Snapshot v1, https://goo.gl/fbAQLP

exports[`PostImage PostImage displays 1`] = `
<div
  aria-label="post-image"
  class="post-image"
>
  <img
    src="https://throughapinhole.com/wp-content/uploads/2018/07/DSC_1508.jpg"
  />
</div>
`;
